.venv\Scripts\python.ex
e : Failed to send 
telemetry event 
ClientStartEvent: 
capture() takes 1 
positional argument 
but 3 were given
At line:1 char:1
+ .venv\Scripts\python.
exe 
test_question_gen.py > 
test_output.txt 2>&1
+ ~~~~~~~~~~~~~~~~~~~~~
~~~~~~~~~~~~~~~~~~~~~~~
~~~~~~~~~~~~~~~~~~~~~~~
~
    + CategoryInfo     
         : NotSpecifi  
  ed: (Failed to sen   
 d ...ut 3 were giv    
en:String) [], Rem    
oteException
    + FullyQualifiedEr 
   rorId : NativeComm  
  andError
 
Failed to send 
telemetry event 
CollectionGetEvent: 
capture() takes 1 
positional argument 
but 3 were given
Traceback (most recent 
call last):
  File "C:\Dev\Cognitiv
eLoadBalancer\backend\t
est_question_gen.py", 
line 57, in <module>
    print(f"  First 
chunk preview: 
{chunks[0][:150]}...")
  File "C:\Python311\Li
b\encodings\cp1252.py",
 line 19, in encode
    return codecs.charm
ap_encode(input,self.er
rors,encoding_table)[0]
           ^^^^^^^^^^^^
^^^^^^^^^^^^^^^^^^^^^^^
^^^^^^^^^^^^^^^^^^^^
UnicodeEncodeError: 
'charmap' codec can't 
encode character 
'\uf097' in position 
135: character maps to 
<undefined>
============================================================
STEP 1: Test basic Groq API connectivity
============================================================
  OK - Groq responded: Hello

============================================================
STEP 2: Load session and document from DB
============================================================
  Session: 3f8c9947-780f-419e-a984-4bae3de09ac9, Doc: UNIT 2.pdf, chroma: C:\Dev\CognitiveLoadBalancer\backend\data\chroma::session_7cb10160-ab1a-4d54-becb-0cdd391d0608
  Session: aee43f56-2110-4982-b822-3e31a6c142a7, Doc: UNIT 1.pdf, chroma: C:\Dev\CognitiveLoadBalancer\backend\data\chroma::session_e4fff67c-3f81-4f9a-8314-0a3c0949e3da
  Session: aa9cb4e1-2b36-4d5f-a5df-7026b0f6a4ce, Doc: UNIT 1.pdf, chroma: C:\Dev\CognitiveLoadBalancer\backend\data\chroma::session_834c2cef-b33e-46ac-8195-1b4ebc11038d
  Using session: 3f8c9947-780f-419e-a984-4bae3de09ac9
  Document: UNIT 2.pdf, chroma_path: C:\Dev\CognitiveLoadBalancer\backend\data\chroma::session_7cb10160-ab1a-4d54-becb-0cdd391d0608

============================================================
STEP 3: Load chunks from document
============================================================
  Collection name: session_7cb10160-ab1a-4d54-becb-0cdd391d0608
  Got 7 chunks
  FAIL: 'charmap' codec can't encode character '\uf097' in position 135: character maps to <undefined>
